plugin@org.apache.commons.vfs=SVN,url=https://dev.bjoernsen.de/svn/kalypsobase,tag=branches/kalypso_11.06,path=ApacheCommonsVFS
plugin@com.vividsolutions.jts=SVN,url=https://dev.bjoernsen.de/svn/kalypsobase,tag=branches/kalypso_11.06,path=com.vividsolutions.jts
plugin@org.kalypso.contribs.eclipseplatform=SVN,url=https://dev.bjoernsen.de/svn/kalypsobase,tag=branches/kalypso_11.06,path=EclipsePlatformContributions
plugin@org.kalypso.contribs.eclipsercp=SVN,url=https://dev.bjoernsen.de/svn/kalypsobase,tag=branches/kalypso_11.06,path=EclipseRCPContributions
plugin@org.kalypso.contribs.java=SVN,url=https://dev.bjoernsen.de/svn/kalypsobase,tag=branches/kalypso_11.06,path=JavaApiContributions
plugin@org.kalypso.kalypso1d2d.pjt=SVN,url=https://svn.wb.tu-harburg.de/kalypso/source/kalypso,tag=branches/kalypso_11.06,path=Kalypso1d2dProject
plugin@org.kalypso.activities=SVN,url=https://svn.wb.tu-harburg.de/kalypso/source/kalypso,tag=branches/kalypso_11.06,path=KalypsoActivities
plugin@org.kalypso.dcadapter=SVN,url=https://svn.wb.tu-harburg.de/kalypso/source/kalypso,tag=branches/kalypso_11.06,path=KalypsoAdapterDatacenter
plugin@org.kalypso.ui.addlayer=,url=https://dev.bjoernsen.de/svn/kalypsobase,tag=branches/kalypso_11.06,path=KalypsoAddLayer
plugin@org.kalypso.afgui=SVN,url=https://dev.bjoernsen.de/svn/kalypsobase,tag=branches/kalypso_11.06,path=KalypsoAFGUIFramework
plugin@org.kalypso.auth=SVN,url=https://dev.bjoernsen.de/svn/kalypsobase,tag=branches/kalypso_11.06,path=KalypsoAuth
feature@org.kalypso.babel.nls_eclipse=SVN,url=https://dev.bjoernsen.de/svn/kalypsobase,tag=branches/kalypso_11.06,path=KalypsoBaseBabelEclipseFeature
feature@org.kalypso.base.feature=SVN,url=https://dev.bjoernsen.de/svn/kalypsobase,tag=branches/kalypso_11.06,path=KalypsoBaseFeature
plugin@org.kalypso.base=SVN,url=https://dev.bjoernsen.de/svn/kalypsobase,tag=branches/kalypso_11.06,path=KalypsoBaseProduct
feature@org.kalypso.base.feature.xml=SVN,url=https://dev.bjoernsen.de/svn/kalypsobase,tag=branches/kalypso_11.06,path=KalypsoBaseXMLFeature
plugin@xxx=SVN,url=https://dev.bjoernsen.de/svn/kalypsobase,tag=branches/kalypso_11.06,path=KalypsoBuild
plugin@org.kalypso.calculation.chain=SVN,url=https://dev.bjoernsen.de/svn/kalypsobase,tag=branches/kalypso_11.06,path=KalypsoCalculationChain
plugin@org.kalypso.calculation.connectors=SVN,url=https://svn.wb.tu-harburg.de/kalypso/source/kalypso,tag=branches/kalypso_11.06,path=KalypsoCalculationConnectors
plugin@org.kalypso.commons=SVN,url=https://dev.bjoernsen.de/svn/kalypsobase,tag=branches/kalypso_11.06,path=KalypsoCommons
plugin@org.kalypso.contribs.ogc2x=SVN,url=https://dev.bjoernsen.de/svn/kalypsobase,tag=branches/kalypso_11.06,path=KalypsoContributionsOGC2x
plugin@org.kalypso.contribs.ogc31=SVN,url=https://dev.bjoernsen.de/svn/kalypsobase,tag=branches/kalypso_11.06,path=KalypsoContributionsOGC31
plugin@org.kalypso.core=SVN,url=https://dev.bjoernsen.de/svn/kalypsobase,tag=branches/kalypso_11.06,path=KalypsoCore
plugin@org.kalypso.deegree=SVN,url=https://dev.bjoernsen.de/svn/kalypsobase,tag=branches/kalypso_11.06,path=KalypsoDeegree
plugin@org.kalypso.deegree2=SVN,url=https://dev.bjoernsen.de/svn/kalypsobase,tag=branches/kalypso_11.06,path=KalypsoDeegree2
plugin@org.kalypso.featureview=SVN,url=https://dev.bjoernsen.de/svn/kalypsobase,tag=branches/kalypso_11.06,path=KalypsoFeatureView
plugin@org.kalypso.ftp.service=SVN,url=https://dev.bjoernsen.de/svn/kalypsobase,tag=branches/kalypso_11.06,path=KalypsoFtpService
plugin@org.kalypso.geotools=SVN,url=https://dev.bjoernsen.de/svn/kalypsobase,tag=branches/kalypso_11.06,path=KalypsoGeoTools
plugin@org.kalypso.gml.processes=SVN,url=https://dev.bjoernsen.de/svn/kalypsobase,tag=branches/kalypso_11.06,path=KalypsoGmlProcesses
plugin@org.kalypso.gmlschema=SVN,url=https://dev.bjoernsen.de/svn/kalypsobase,tag=branches/kalypso_11.06,path=KalypsoGMLSchema
plugin@org.kalypso.gml.ui=SVN,url=https://dev.bjoernsen.de/svn/kalypsobase,tag=branches/kalypso_11.06,path=KalypsoGmlUI
plugin@org.kalypso.rrm.kalininmiljukov=SVN,url=https://svn.wb.tu-harburg.de/kalypso/source/kalypso,tag=branches/kalypso_11.06,path=KalypsoKM
plugin@org.kalypso.kml.export=SVN,url=https://dev.bjoernsen.de/svn/kalypsobase,tag=branches/kalypso_11.06,path=KalypsoKMLExport
plugin@org.kalypso.mapserver=SVN,url=https://dev.bjoernsen.de/svn/kalypsobase,tag=branches/kalypso_11.06,path=KalypsoMapServer
plugin@org.kalypso.metadoc=SVN,url=https://dev.bjoernsen.de/svn/kalypsobase,tag=branches/kalypso_11.06,path=KalypsoMetaDoc
plugin@org.kalypso.model1d2d=SVN,url=https://svn.wb.tu-harburg.de/kalypso/source/kalypso,tag=branches/kalypso_11.06,path=KalypsoModel1D2D
feature@org.kalypso.model.product=SVN,url=https://svn.wb.tu-harburg.de/kalypso/source/kalypso,tag=branches/kalypso_11.06,path=KalypsoModelFeature
plugin@org.kalypso.model.flood=SVN,url=https://svn.wb.tu-harburg.de/kalypso/source/kalypso,tag=branches/kalypso_11.06,path=KalypsoModelFlood
plugin@org.kalypso.model.rrm.core=SVN,url=https://svn.wb.tu-harburg.de/kalypso/source/kalypso,tag=branches/kalypso_11.06,path=KalypsoModelNA
plugin@org.kalypso.model.product=SVN,url=https://svn.wb.tu-harburg.de/kalypso/source/kalypso,tag=branches/kalypso_11.06,path=KalypsoModelProduct
plugin@org.kalypso.model.rcm=SVN,url=https://svn.wb.tu-harburg.de/kalypso/source/kalypso,tag=branches/kalypso_11.06,path=KalypsoModelRCM
plugin@org.kalypso.risk=SVN,url=https://svn.wb.tu-harburg.de/kalypso/source/kalypso,tag=branches/kalypso_11.06,path=KalypsoModelRisk
plugin@org.kalypso.ModelSimulationBase=SVN,url=https://svn.wb.tu-harburg.de/kalypso/source/kalypso,tag=branches/kalypso_11.06,path=KalypsoModelSimulationBase
plugin@org.kalypso.model.wspm.core=SVN,url=https://dev.bjoernsen.de/svn/kalypsobase,tag=branches/kalypso_11.06,path=KalypsoModelWspmCore
plugin@org.kalypso.model.wspm.pdb.core=SVN,url=https://svn.wb.tu-harburg.de/kalypso/source/kalypso,tag=branches/kalypso_11.06,path=KalypsoModelWspmPdbCore
plugin@org.kalypso.model.wspm.pdb.ui=SVN,url=https://svn.wb.tu-harburg.de/kalypso/source/kalypso,tag=branches/kalypso_11.06,path=KalypsoModelWspmPdbUI
plugin@org.kalypso.model.wspm.schema=SVN,url=https://dev.bjoernsen.de/svn/kalypsobase,tag=branches/kalypso_11.06,path=KalypsoModelWspmSchema
plugin@org.kalypso.model.wspm.tuhh.core=SVN,url=https://svn.wb.tu-harburg.de/kalypso/source/kalypso,tag=branches/kalypso_11.06,path=KalypsoModelWspmTuhhCore
plugin@org.kalypso.model.wspm.tuhh.schema=SVN,url=https://svn.wb.tu-harburg.de/kalypso/source/kalypso,tag=branches/kalypso_11.06,path=KalypsoModelWspmTuhhSchema
plugin@org.kalypso.model.wspm.tuhh.ui=SVN,url=https://svn.wb.tu-harburg.de/kalypso/source/kalypso,tag=branches/kalypso_11.06,path=KalypsoModelWspmTuhhUI
plugin@org.kalypso.model.wspm.ui=SVN,url=https://dev.bjoernsen.de/svn/kalypsobase,tag=branches/kalypso_11.06,path=KalypsoModelWspmUI
plugin@org.kalypso.module=SVN,url=https://dev.bjoernsen.de/svn/kalypsobase,tag=branches/kalypso_11.06,path=KalypsoModule
plugin@org.kalypso.ui.observationimport=SVN,url=https://dev.bjoernsen.de/svn/kalypsobase,tag=branches/kalypso_11.06,path=KalypsoObservationImport
plugin@org.kalypso.ooo.base=SVN,url=https://svn.wb.tu-harburg.de/kalypso/source/k-reporting,tag=branches/kalypso_11.06,path=KalypsoOOoBase
plugin@org.kalypso.ooo.extended=SVN,url=https://svn.wb.tu-harburg.de/kalypso/source/k-reporting,tag=branches/kalypso_11.06,path=KalypsoOOoExtended
plugin@org.kalypso.optimize=SVN,url=https://svn.wb.tu-harburg.de/kalypso/source/kalypso,tag=branches/kalypso_11.06,path=KalypsoOptimize
plugin@org.kalypso.planer.client.base=SVN,url=https://dev.bjoernsen.de/svn/planerclient,tag=branches/kalypso_11.06,path=KalypsoPlanerClientBase
feature@org.kalypso.planer.client.feature=SVN,url=https://dev.bjoernsen.de/svn/planerclient,tag=branches/kalypso_11.06,path=KalypsoPlanerClientFeature
plugin@org.kalypso.planer.client.manager=SVN,url=https://dev.bjoernsen.de/svn/planerclient,tag=branches/kalypso_11.06,path=KalypsoPlanerClientManager
feature@org.kalypso.planer.client.manager.feature=SVN,url=https://dev.bjoernsen.de/svn/planerclient,tag=branches/kalypso_11.06,path=KalypsoPlanerClientManagerFeature
plugin@org.kalypso.planer.client.measures=SVN,url=https://dev.bjoernsen.de/svn/planerclient,tag=branches/kalypso_11.06,path=KalypsoPlanerClientMeasures
plugin@org.kalypso.planer.client.resources=SVN,url=https://dev.bjoernsen.de/svn/planerclient,tag=branches/kalypso_11.06,path=KalypsoPlanerClientResources
plugin@org.kalypso.planer.client.server=SVN,url=https://dev.bjoernsen.de/svn/planerclient,tag=branches/kalypso_11.06,path=KalypsoPlanerClientServer
feature@org.kalypso.planer.client.server.feature=SVN,url=https://dev.bjoernsen.de/svn/planerclient,tag=branches/kalypso_11.06,path=KalypsoPlanerClientServerFeature
plugin@org.kalypso.planer.client.ui=SVN,url=https://dev.bjoernsen.de/svn/planerclient,tag=branches/kalypso_11.06,path=KalypsoPlanerClientUI
plugin@org.kalypso.project.database=SVN,url=https://dev.bjoernsen.de/svn/kalypsobase,tag=branches/kalypso_11.06,path=KalypsoProjectDatabase
plugin@org.kalypso.project.database.client=SVN,url=https://dev.bjoernsen.de/svn/kalypsobase,tag=branches/kalypso_11.06,path=KalypsoProjectDatabaseClient
plugin@org.kalypso.repository=SVN,url=https://dev.bjoernsen.de/svn/kalypsobase,tag=branches/kalypso_11.06,path=KalypsoRepository
plugin@org.kalypso.services.observation=SVN,url=https://dev.bjoernsen.de/svn/kalypsobase,tag=branches/kalypso_11.06,path=KalypsoServiceObs
plugin@org.kalypso.service.ogc=SVN,url=https://dev.bjoernsen.de/svn/kalypsobase,tag=branches/kalypso_11.06,path=KalypsoServiceOGC
plugin@org.kalypso.service.wps=SVN,url=https://dev.bjoernsen.de/svn/kalypsobase,tag=branches/kalypso_11.06,path=KalypsoServiceWPS
plugin@org.kalypso.simulation.core=SVN,url=https://dev.bjoernsen.de/svn/kalypsobase,tag=branches/kalypso_11.06,path=KalypsoSimulationCore
plugin@org.kalypso.simulation.ui=SVN,url=https://dev.bjoernsen.de/svn/kalypsobase/trunk/KalypsoSimulationUI,KalypsoSimulationUI
plugin@org.kalypso.ui=SVN,url=https://dev.bjoernsen.de/svn/kalypsobase,tag=branches/kalypso_11.06,path=KalypsoUI
plugin@org.kalypso.model.rrm.ui=SVN,url=https://svn.wb.tu-harburg.de/kalypso/source/kalypso,tag=branches/kalypso_11.06,path=KalypsoUIRRM
plugin@org.kalypso.wspwin.core=SVN,url=https://svn.wb.tu-harburg.de/kalypso/source/kalypso,tag=branches/kalypso_11.06,path=KalypsoWspWinCore
plugin@org.kalypso.xplan=SVN,url=https://dev.bjoernsen.de/svn/planerclient,tag=branches/kalypso_11.06,path=KalypsoXPlan
plugin@de.openali.odysseus.chart.ext.base=SVN,url=https://dev.bjoernsen.de/svn/kalypsobase,tag=branches/kalypso_11.06,path=OdysseusChartExtensionBase
plugin@de.openali.odysseus.chart.ext.observation=SVN,url=https://dev.bjoernsen.de/svn/kalypsobase,tag=branches/kalypso_11.06,path=OdysseusChartExtensionObservation
plugin@de.openali.odysseus.chart.factory=SVN,url=https://dev.bjoernsen.de/svn/kalypsobase,tag=branches/kalypso_11.06,path=OdysseusChartFactory
plugin@de.openali.odysseus.chart.framework=SVN,url=https://dev.bjoernsen.de/svn/kalypsobase,tag=branches/kalypso_11.06,path=OdysseusChartFramework
plugin@de.openali.odysseus.chart.ui=SVN,url=https://dev.bjoernsen.de/svn/kalypsobase,tag=branches/kalypso_11.06,path=OdysseusChartUi
plugin@de.openali.odysseus.service.ods=SVN,url=https://dev.bjoernsen.de/svn/kalypsobase,tag=branches/kalypso_11.06,path=OdysseusServiceODS
plugin@de.openali.odysseus.service.ows=SVN,url=https://dev.bjoernsen.de/svn/kalypsobase,tag=branches/kalypso_11.06,path=OdysseusServiceOWS
plugin@org.hibernate=SVN,url=https://dev.bjoernsen.de/svn/kalypsobase,tag=branches/kalypso_11.06,path=org.hibernate
plugin@de.renew.workflow.connector=SVN,url=https://dev.bjoernsen.de/svn/kalypsobase,tag=branches/kalypso_11.06,path=WorkflowConnector
plugin@de.renew.workflow.model=SVN,url=https://dev.bjoernsen.de/svn/kalypsobase,tag=branches/kalypso_11.06,path=WorkflowModel